// Jest Snapshot v1, https://goo.gl/fbAQLP

exports[`counter matches snapshot 1`] = `
<div>
  <p>
    count: 
    0
     
  </p>
  <button
    className="add1"
    onClick={[Function]}
  />
</div>
`;
